// Jest Snapshot v1, https://goo.gl/fbAQLP

exports[`<Stories /> Should render and match the snapshot 1`] = `
<main
  class="main"
>
  <div
    class="container"
  >
    <div>
      Loading...
    </div>
  </div>
</main>
`;

exports[`Should render and match the snapshot 1`] = `
<main
  class="main"
>
  <div
    class="container"
  >
    <div>
      Loading...
    </div>
  </div>
</main>
`;
